<html>
<body>
<pre>
<h1>µVision3 Build Log</h1>
<h2>Project:</h2>
C:\Users\Administrator\Documents\GitHub\TSC\TSC\USER\fastswitch.uv2
Project File Date:  07/01/2017

<h2>Output:</h2>
Build target 'Target 1'
assembling STM32F10x.s...
compiling adc.c...
compiling exti.c...
compiling key.c...
compiling led.c...
compiling timer.c...
compiling ds18b20.c...
compiling delay.c...
compiling sys.c...
compiling usart.c...
compiling fastswitch.c...
linking...
Program Size: Code=7212 RO-data=268 RW-data=16 ZI-data=2144  
FromELF: creating hex file...
"..\OBJ\fastswitch.axf" - 0 Error(s), 0 Warning(s).
Build target 'Target 1'
compiling fastswitch.c...
linking...
Program Size: Code=7188 RO-data=268 RW-data=16 ZI-data=2144  
FromELF: creating hex file...
"..\OBJ\fastswitch.axf" - 0 Error(s), 0 Warning(s).
Build target 'Target 1'
compiling fastswitch.c...
linking...
Program Size: Code=7208 RO-data=268 RW-data=16 ZI-data=2144  
FromELF: creating hex file...
"..\OBJ\fastswitch.axf" - 0 Error(s), 0 Warning(s).
Build target 'Target 1'
compiling fastswitch.c...
linking...
Program Size: Code=7188 RO-data=268 RW-data=16 ZI-data=2144  
FromELF: creating hex file...
"..\OBJ\fastswitch.axf" - 0 Error(s), 0 Warning(s).
Build target 'Target 1'
compiling fastswitch.c...
linking...
Program Size: Code=7192 RO-data=268 RW-data=16 ZI-data=2144  
FromELF: creating hex file...
"..\OBJ\fastswitch.axf" - 0 Error(s), 0 Warning(s).
Build target 'Target 1'
compiling fastswitch.c...
linking...
Program Size: Code=7172 RO-data=268 RW-data=16 ZI-data=2144  
FromELF: creating hex file...
"..\OBJ\fastswitch.axf" - 0 Error(s), 0 Warning(s).
Build target 'Target 1'
compiling fastswitch.c...
linking...
Program Size: Code=7192 RO-data=268 RW-data=16 ZI-data=2144  
FromELF: creating hex file...
"..\OBJ\fastswitch.axf" - 0 Error(s), 0 Warning(s).
Build target 'Target 1'
compiling fastswitch.c...
fastswitch.c(241): warning:  #9-D: nested comment is not allowed
fastswitch.c(267): error:  #40: expected an identifier
fastswitch.c(270): warning: At end of source:  #12-D: parsing restarts here after previous syntax error
fastswitch.c(270): error: At end of source:  #65: expected a ";"
Target not created
Build target 'Target 1'
compiling fastswitch.c...
fastswitch.c(241): warning:  #9-D: nested comment is not allowed
fastswitch.c(268): warning:  #940-D: missing return statement at end of non-void function "distin_A_C"
linking...
Program Size: Code=7024 RO-data=268 RW-data=4 ZI-data=2148  
FromELF: creating hex file...
"..\OBJ\fastswitch.axf" - 0 Error(s), 2 Warning(s).
Build target 'Target 1'
linking...
Program Size: Code=7024 RO-data=268 RW-data=4 ZI-data=2148  
FromELF: creating hex file...
"..\OBJ\fastswitch.axf" - 0 Error(s), 0 Warning(s).
Build target 'Target 1'
compiling fastswitch.c...
fastswitch.c(241): warning:  #9-D: nested comment is not allowed
fastswitch.c(268): warning:  #940-D: missing return statement at end of non-void function "distin_A_C"
linking...
Program Size: Code=7012 RO-data=268 RW-data=4 ZI-data=2148  
FromELF: creating hex file...
"..\OBJ\fastswitch.axf" - 0 Error(s), 2 Warning(s).
Build target 'Target 1'
compiling fastswitch.c...
fastswitch.c(241): warning:  #9-D: nested comment is not allowed
fastswitch.c(268): warning:  #940-D: missing return statement at end of non-void function "distin_A_C"
linking...
Program Size: Code=7012 RO-data=268 RW-data=4 ZI-data=2148  
FromELF: creating hex file...
"..\OBJ\fastswitch.axf" - 0 Error(s), 2 Warning(s).
Build target 'Target 1'
compiling fastswitch.c...
linking...
Program Size: Code=7216 RO-data=268 RW-data=16 ZI-data=2144  
FromELF: creating hex file...
"..\OBJ\fastswitch.axf" - 0 Error(s), 0 Warning(s).
Build target 'Target 1'
compiling fastswitch.c...
linking...
Program Size: Code=7232 RO-data=268 RW-data=16 ZI-data=2144  
FromELF: creating hex file...
"..\OBJ\fastswitch.axf" - 0 Error(s), 0 Warning(s).
Build target 'Target 1'
compiling fastswitch.c...
linking...
Program Size: Code=7232 RO-data=268 RW-data=16 ZI-data=2144  
FromELF: creating hex file...
"..\OBJ\fastswitch.axf" - 0 Error(s), 0 Warning(s).
Build target 'Target 1'
compiling fastswitch.c...
linking...
Program Size: Code=7232 RO-data=268 RW-data=16 ZI-data=2144  
FromELF: creating hex file...
"..\OBJ\fastswitch.axf" - 0 Error(s), 0 Warning(s).
Build target 'Target 1'
compiling fastswitch.c...
linking...
Program Size: Code=7232 RO-data=268 RW-data=16 ZI-data=2144  
FromELF: creating hex file...
"..\OBJ\fastswitch.axf" - 0 Error(s), 0 Warning(s).
Build target 'Target 1'
compiling fastswitch.c...
fastswitch.c(21): warning:  #550-D: variable "flag_xu" was set but never used
linking...
Program Size: Code=7220 RO-data=268 RW-data=16 ZI-data=2144  
FromELF: creating hex file...
"..\OBJ\fastswitch.axf" - 0 Error(s), 1 Warning(s).
Build target 'Target 1'
compiling fastswitch.c...
linking...
Program Size: Code=7240 RO-data=268 RW-data=16 ZI-data=2144  
FromELF: creating hex file...
"..\OBJ\fastswitch.axf" - 0 Error(s), 0 Warning(s).
Build target 'Target 1'
compiling fastswitch.c...
linking...
Program Size: Code=7240 RO-data=268 RW-data=16 ZI-data=2144  
FromELF: creating hex file...
"..\OBJ\fastswitch.axf" - 0 Error(s), 0 Warning(s).
Build target 'Target 1'
compiling fastswitch.c...
linking...
Program Size: Code=7260 RO-data=268 RW-data=16 ZI-data=2144  
FromELF: creating hex file...
"..\OBJ\fastswitch.axf" - 0 Error(s), 0 Warning(s).
Build target 'Target 1'
compiling fastswitch.c...
linking...
Program Size: Code=7260 RO-data=268 RW-data=16 ZI-data=2144  
FromELF: creating hex file...
"..\OBJ\fastswitch.axf" - 0 Error(s), 0 Warning(s).
Build target 'Target 1'
compiling fastswitch.c...
linking...
Program Size: Code=7260 RO-data=268 RW-data=16 ZI-data=2144  
FromELF: creating hex file...
"..\OBJ\fastswitch.axf" - 0 Error(s), 0 Warning(s).
Build target 'Target 1'
compiling timer.c...
linking...
Program Size: Code=7320 RO-data=268 RW-data=16 ZI-data=2144  
FromELF: creating hex file...
"..\OBJ\fastswitch.axf" - 0 Error(s), 0 Warning(s).
Build target 'Target 1'
compiling fastswitch.c...
linking...
Program Size: Code=7320 RO-data=268 RW-data=16 ZI-data=2144  
FromELF: creating hex file...
"..\OBJ\fastswitch.axf" - 0 Error(s), 0 Warning(s).
Build target 'Target 1'
compiling fastswitch.c...
linking...
Program Size: Code=7320 RO-data=268 RW-data=16 ZI-data=2144  
FromELF: creating hex file...
"..\OBJ\fastswitch.axf" - 0 Error(s), 0 Warning(s).
Build target 'Target 1'
compiling fastswitch.c...
linking...
Program Size: Code=7320 RO-data=268 RW-data=16 ZI-data=2144  
FromELF: creating hex file...
"..\OBJ\fastswitch.axf" - 0 Error(s), 0 Warning(s).
Build target 'Target 1'
compiling fastswitch.c...
linking...
Program Size: Code=7324 RO-data=268 RW-data=16 ZI-data=2144  
FromELF: creating hex file...
"..\OBJ\fastswitch.axf" - 0 Error(s), 0 Warning(s).
Build target 'Target 1'
linking...
Program Size: Code=7324 RO-data=268 RW-data=16 ZI-data=2144  
FromELF: creating hex file...
"..\OBJ\fastswitch.axf" - 0 Error(s), 0 Warning(s).
Build target 'Target 1'
compiling fastswitch.c...
linking...
Program Size: Code=7324 RO-data=268 RW-data=16 ZI-data=2144  
FromELF: creating hex file...
"..\OBJ\fastswitch.axf" - 0 Error(s), 0 Warning(s).
Build target 'Target 1'
compiling fastswitch.c...
linking...
Program Size: Code=7324 RO-data=268 RW-data=16 ZI-data=2144  
FromELF: creating hex file...
"..\OBJ\fastswitch.axf" - 0 Error(s), 0 Warning(s).
