<html>
<body>
<pre>
<h1>µVision3 Build Log</h1>
<h2>Project:</h2>
C:\Users\Administrator\Documents\GitHub\TSC_github\USER\fastswitch.uv2
Project File Date:  07/01/2017

<h2>Output:</h2>
Build target 'Target 1'
compiling fastswitch.c...
linking...
Program Size: Code=8028 RO-data=268 RW-data=24 ZI-data=2144  
FromELF: creating hex file...
"..\OBJ\fastswitch.axf" - 0 Error(s), 0 Warning(s).
Build target 'Target 1'
compiling fastswitch.c...
linking...
Program Size: Code=8036 RO-data=268 RW-data=24 ZI-data=2144  
FromELF: creating hex file...
"..\OBJ\fastswitch.axf" - 0 Error(s), 0 Warning(s).
Build target 'Target 1'
compiling fastswitch.c...
linking...
Program Size: Code=8016 RO-data=268 RW-data=24 ZI-data=2144  
FromELF: creating hex file...
"..\OBJ\fastswitch.axf" - 0 Error(s), 0 Warning(s).
Build target 'Target 1'
compiling fastswitch.c...
linking...
Program Size: Code=8028 RO-data=268 RW-data=24 ZI-data=2144  
FromELF: creating hex file...
"..\OBJ\fastswitch.axf" - 0 Error(s), 0 Warning(s).
Build target 'Target 1'
compiling fastswitch.c...
linking...
Program Size: Code=8028 RO-data=268 RW-data=24 ZI-data=2144  
FromELF: creating hex file...
"..\OBJ\fastswitch.axf" - 0 Error(s), 0 Warning(s).
Build target 'Target 1'
compiling timer.c...
linking...
Program Size: Code=8028 RO-data=268 RW-data=24 ZI-data=2144  
FromELF: creating hex file...
"..\OBJ\fastswitch.axf" - 0 Error(s), 0 Warning(s).
Build target 'Target 1'
compiling fastswitch.c...
linking...
Program Size: Code=8028 RO-data=268 RW-data=24 ZI-data=2144  
FromELF: creating hex file...
"..\OBJ\fastswitch.axf" - 0 Error(s), 0 Warning(s).
Build target 'Target 1'
compiling timer.c...
linking...
Program Size: Code=7972 RO-data=268 RW-data=24 ZI-data=2144  
FromELF: creating hex file...
"..\OBJ\fastswitch.axf" - 0 Error(s), 0 Warning(s).
Build target 'Target 1'
compiling timer.c...
compiling fastswitch.c...
linking...
Program Size: Code=8036 RO-data=268 RW-data=24 ZI-data=2144  
FromELF: creating hex file...
"..\OBJ\fastswitch.axf" - 0 Error(s), 0 Warning(s).
Build target 'Target 1'
compiling ds18b20.c...
compiling fastswitch.c...
linking...
Program Size: Code=8056 RO-data=268 RW-data=24 ZI-data=2144  
FromELF: creating hex file...
"..\OBJ\fastswitch.axf" - 0 Error(s), 0 Warning(s).
Build target 'Target 1'
compiling fastswitch.c...
linking...
Program Size: Code=8056 RO-data=268 RW-data=24 ZI-data=2144  
FromELF: creating hex file...
"..\OBJ\fastswitch.axf" - 0 Error(s), 0 Warning(s).
Build target 'Target 1'
compiling fastswitch.c...
linking...
Program Size: Code=8060 RO-data=268 RW-data=24 ZI-data=2144  
FromELF: creating hex file...
"..\OBJ\fastswitch.axf" - 0 Error(s), 0 Warning(s).
Build target 'Target 1'
compiling fastswitch.c...
linking...
Program Size: Code=8044 RO-data=268 RW-data=24 ZI-data=2144  
FromELF: creating hex file...
"..\OBJ\fastswitch.axf" - 0 Error(s), 0 Warning(s).
Build target 'Target 1'
compiling fastswitch.c...
linking...
Program Size: Code=8044 RO-data=268 RW-data=24 ZI-data=2144  
FromELF: creating hex file...
"..\OBJ\fastswitch.axf" - 0 Error(s), 0 Warning(s).
Build target 'Target 1'
linking...
Program Size: Code=8044 RO-data=268 RW-data=24 ZI-data=2144  
FromELF: creating hex file...
"..\OBJ\fastswitch.axf" - 0 Error(s), 0 Warning(s).
