ARM Linker, RVCT4.0 [Build 524] for uVision [Evaluation]

==============================================================================

Section Cross References

    stm32f10x.o(STACK) refers (Special) to heapauxi.o(.text) for __use_two_region_memory
    stm32f10x.o(HEAP) refers (Special) to heapauxi.o(.text) for __use_two_region_memory
    stm32f10x.o(RESET) refers (Special) to heapauxi.o(.text) for __use_two_region_memory
    stm32f10x.o(RESET) refers to stm32f10x.o(STACK) for __initial_sp
    stm32f10x.o(RESET) refers to stm32f10x.o(.text) for Reset_Handler
    stm32f10x.o(RESET) refers to timer.o(.text) for TIM4_IRQHandler
    stm32f10x.o(RESET) refers to exti.o(.text) for EXTI15_10_IRQHandler
    stm32f10x.o(.text) refers (Special) to heapauxi.o(.text) for __use_two_region_memory
    stm32f10x.o(.text) refers to __main.o(!!!main) for __main
    stm32f10x.o(.text) refers to stm32f10x.o(HEAP) for Heap_Mem
    stm32f10x.o(.text) refers to stm32f10x.o(STACK) for Stack_Mem
    exti.o(.text) refers to delay.o(.text) for delay_us
    exti.o(.text) refers to sys.o(.text) for Ex_NVIC_Config
    exti.o(.text) refers to fastswitch.o(.data) for flag_xu
    exti.o(.text) refers to exti.o(.data) for key_xb
    timer.o(.text) refers to sys.o(.text) for MY_NVIC_Init
    timer.o(.text) refers to fastswitch.o(.data) for C_flag
    ds18b20.o(.text) refers to delay.o(.text) for delay_us
    ds18b20.o(.text) refers to fflt_clz.o(x$fpl$fflt) for __aeabi_i2f
    ds18b20.o(.text) refers to f2d.o(x$fpl$f2d) for __aeabi_f2d
    ds18b20.o(.text) refers to dmul.o(x$fpl$dmul) for __aeabi_dmul
    ds18b20.o(.text) refers to dfix.o(x$fpl$dfix) for __aeabi_d2iz
    delay.o(.text) refers to delay.o(.data) for .data
    sys.o(.text) refers to sys.o(.emb_text) for WFI_SET
    usart.o(.text) refers (Special) to use_no_semi_2.o(.text) for __use_no_semihosting
    usart.o(.text) refers to fflt_clz.o(x$fpl$ffltu) for __aeabi_ui2f
    usart.o(.text) refers to fdiv.o(x$fpl$fdiv) for __aeabi_fdiv
    usart.o(.text) refers to ffixu.o(x$fpl$ffixu) for __aeabi_f2uiz
    usart.o(.text) refers to faddsub_clz.o(x$fpl$frsb) for __aeabi_frsub
    usart.o(.text) refers to fmul.o(x$fpl$fmul) for __aeabi_fmul
    usart.o(.data) refers (Special) to use_no_semi_2.o(.text) for __use_no_semihosting
    fastswitch.o(.text) refers to sys.o(.text) for Stm32_Clock_Init
    fastswitch.o(.text) refers to delay.o(.text) for delay_init
    fastswitch.o(.text) refers to usart.o(.text) for uart_init
    fastswitch.o(.text) refers to key.o(.text) for KEY_Init
    fastswitch.o(.text) refers to led.o(.text) for LED_Init
    fastswitch.o(.text) refers to timer.o(.text) for PWM_Init
    fastswitch.o(.text) refers to exti.o(.text) for EXTIX_Init
    fastswitch.o(.text) refers to ds18b20.o(.text) for DS18B20_Init
    fastswitch.o(.text) refers to adc.o(.text) for Adc_Init
    fastswitch.o(.text) refers to fastswitch.o(.data) for A_flag
    fastswitch.o(.text) refers to exti.o(.data) for key_xb
    use_no_semi_2.o(.text) refers (Special) to use_no_semi.o(.text) for __use_no_semihosting_swi
    __main.o(!!!main) refers to rtentry.o(.ARM.Collect$$rtentry$$00000000) for __rt_entry
    dfix.o(x$fpl$dfix) refers (Special) to usenofp.o(x$fpl$usenofp) for __I$use$fp
    dfix.o(x$fpl$dfix) refers to dcheck1.o(x$fpl$dcheck1) for __fpl_dcheck_NaN1
    dfix.o(x$fpl$dfixr) refers (Special) to usenofp.o(x$fpl$usenofp) for __I$use$fp
    dfix.o(x$fpl$dfixr) refers to dcheck1.o(x$fpl$dcheck1) for __fpl_dcheck_NaN1
    dmul.o(x$fpl$dmul) refers (Special) to usenofp.o(x$fpl$usenofp) for __I$use$fp
    dmul.o(x$fpl$dmul) refers (Special) to dunder.o(x$fpl$dunder) for __dunder
    dmul.o(x$fpl$dmul) refers to dcheck.o(x$fpl$dcheck) for __fpl_dcheck_NaN2
    f2d.o(x$fpl$f2d) refers (Special) to usenofp.o(x$fpl$usenofp) for __I$use$fp
    f2d.o(x$fpl$f2d) refers (Special) to dflt_clz.o(x$fpl$dflt) for __dflt_normalise
    f2d.o(x$fpl$f2d) refers to fcheck1.o(x$fpl$fcheck1) for __fpl_fcheck_NaN1
    faddsub_clz.o(x$fpl$fadd) refers (Special) to usenofp.o(x$fpl$usenofp) for __I$use$fp
    faddsub_clz.o(x$fpl$fadd) refers (Special) to funder.o(x$fpl$funder) for __funder
    faddsub_clz.o(x$fpl$fadd) refers to faddsub_clz.o(x$fpl$fsub) for _fsub1
    faddsub_clz.o(x$fpl$fadd) refers to fcheck.o(x$fpl$fcheck) for __fpl_fcheck_NaN2
    faddsub_clz.o(x$fpl$frsb) refers (Special) to usenofp.o(x$fpl$usenofp) for __I$use$fp
    faddsub_clz.o(x$fpl$frsb) refers (Special) to funder.o(x$fpl$funder) for __funder
    faddsub_clz.o(x$fpl$frsb) refers to faddsub_clz.o(x$fpl$fadd) for _fadd1
    faddsub_clz.o(x$fpl$frsb) refers to faddsub_clz.o(x$fpl$fsub) for _fsub1
    faddsub_clz.o(x$fpl$fsub) refers (Special) to usenofp.o(x$fpl$usenofp) for __I$use$fp
    faddsub_clz.o(x$fpl$fsub) refers (Special) to funder.o(x$fpl$funder) for __funder
    faddsub_clz.o(x$fpl$fsub) refers to faddsub_clz.o(x$fpl$fadd) for _fadd1
    faddsub_clz.o(x$fpl$fsub) refers to fcheck.o(x$fpl$fcheck) for __fpl_fcheck_NaN2
    fdiv.o(x$fpl$frdiv) refers (Special) to usenofp.o(x$fpl$usenofp) for __I$use$fp
    fdiv.o(x$fpl$frdiv) refers (Special) to fnorm2_clz.o(x$fpl$fnorm2) for __fpl_normalise2
    fdiv.o(x$fpl$frdiv) refers (Special) to funder.o(x$fpl$funder) for __funder
    fdiv.o(x$fpl$frdiv) refers to fdiv.o(x$fpl$fdiv) for _fdiv1
    fdiv.o(x$fpl$fdiv) refers (Special) to usenofp.o(x$fpl$usenofp) for __I$use$fp
    fdiv.o(x$fpl$fdiv) refers (Special) to fnorm2_clz.o(x$fpl$fnorm2) for __fpl_normalise2
    fdiv.o(x$fpl$fdiv) refers (Special) to funder.o(x$fpl$funder) for __funder
    fdiv.o(x$fpl$fdiv) refers to fcheck.o(x$fpl$fcheck) for __fpl_fcheck_NaN2
    ffixu.o(x$fpl$ffixu) refers (Special) to usenofp.o(x$fpl$usenofp) for __I$use$fp
    ffixu.o(x$fpl$ffixu) refers to fcheck1.o(x$fpl$fcheck1) for __fpl_fcheck_NaN1
    ffixu.o(x$fpl$ffixur) refers (Special) to usenofp.o(x$fpl$usenofp) for __I$use$fp
    ffixu.o(x$fpl$ffixur) refers to fcheck1.o(x$fpl$fcheck1) for __fpl_fcheck_NaN1
    fflt_clz.o(x$fpl$ffltu) refers (Special) to usenofp.o(x$fpl$usenofp) for __I$use$fp
    fflt_clz.o(x$fpl$ffltu) refers to fflt_clz.o(x$fpl$fflt) for __fflt_normalise
    fflt_clz.o(x$fpl$fflt) refers (Special) to usenofp.o(x$fpl$usenofp) for __I$use$fp
    fmul.o(x$fpl$fmul) refers (Special) to usenofp.o(x$fpl$usenofp) for __I$use$fp
    fmul.o(x$fpl$fmul) refers (Special) to fnorm2_clz.o(x$fpl$fnorm2) for __fpl_normalise2
    fmul.o(x$fpl$fmul) refers (Special) to funder.o(x$fpl$funder) for __funder
    fmul.o(x$fpl$fmul) refers to fcheck.o(x$fpl$fcheck) for __fpl_fcheck_NaN2
    rtentry.o(.ARM.Collect$$rtentry$$00000000) refers (Special) to rtentry2.o(.ARM.Collect$$rtentry$$0000000A) for __rt_entry_li
    rtentry.o(.ARM.Collect$$rtentry$$00000000) refers (Special) to rtentry2.o(.ARM.Collect$$rtentry$$0000000D) for __rt_entry_main
    rtentry.o(.ARM.Collect$$rtentry$$00000000) refers (Special) to rtentry2.o(.ARM.Collect$$rtentry$$0000000C) for __rt_entry_postli_1
    rtentry.o(.ARM.Collect$$rtentry$$00000000) refers (Special) to rtentry2.o(.ARM.Collect$$rtentry$$00000009) for __rt_entry_postsh_1
    rtentry.o(.ARM.Collect$$rtentry$$00000000) refers (Special) to rtentry2.o(.ARM.Collect$$rtentry$$00000002) for __rt_entry_presh_1
    rtentry.o(.ARM.Collect$$rtentry$$00000000) refers (Special) to rtentry4.o(.ARM.Collect$$rtentry$$00000004) for __rt_entry_sh
    rtentry.o(.ARM.exidx) refers (Special) to rtentry2.o(.ARM.Collect$$rtentry$$0000000A) for __rt_entry_li
    rtentry.o(.ARM.exidx) refers (Special) to rtentry2.o(.ARM.Collect$$rtentry$$0000000D) for __rt_entry_main
    rtentry.o(.ARM.exidx) refers (Special) to rtentry2.o(.ARM.Collect$$rtentry$$0000000C) for __rt_entry_postli_1
    rtentry.o(.ARM.exidx) refers (Special) to rtentry2.o(.ARM.Collect$$rtentry$$00000009) for __rt_entry_postsh_1
    rtentry.o(.ARM.exidx) refers (Special) to rtentry2.o(.ARM.Collect$$rtentry$$00000002) for __rt_entry_presh_1
    rtentry.o(.ARM.exidx) refers (Special) to rtentry4.o(.ARM.Collect$$rtentry$$00000004) for __rt_entry_sh
    rtentry.o(.ARM.exidx) refers to rtentry.o(.ARM.Collect$$rtentry$$00000000) for .ARM.Collect$$rtentry$$00000000
    dcheck.o(x$fpl$dcheck) refers (Special) to usenofp.o(x$fpl$usenofp) for __I$use$fp
    dcheck.o(x$fpl$dcheck) refers to retnan.o(x$fpl$retnan) for __fpl_return_NaN
    dcheck1.o(x$fpl$dcheck1) refers (Special) to usenofp.o(x$fpl$usenofp) for __I$use$fp
    dcheck1.o(x$fpl$dcheck1) refers to retnan.o(x$fpl$retnan) for __fpl_return_NaN
    dflt_clz.o(x$fpl$dfltu) refers (Special) to usenofp.o(x$fpl$usenofp) for __I$use$fp
    dflt_clz.o(x$fpl$dfltu) refers to dflt_clz.o(x$fpl$dflt) for __dflt_normalise
    dflt_clz.o(x$fpl$dflt) refers (Special) to usenofp.o(x$fpl$usenofp) for __I$use$fp
    dunder.o(x$fpl$dunder) refers (Special) to usenofp.o(x$fpl$usenofp) for __I$use$fp
    fcheck.o(x$fpl$fcheck) refers (Special) to usenofp.o(x$fpl$usenofp) for __I$use$fp
    fcheck.o(x$fpl$fcheck) refers to retnan.o(x$fpl$retnan) for __fpl_return_NaN
    fcheck1.o(x$fpl$fcheck1) refers (Special) to usenofp.o(x$fpl$usenofp) for __I$use$fp
    fcheck1.o(x$fpl$fcheck1) refers to retnan.o(x$fpl$retnan) for __fpl_return_NaN
    fnorm2_clz.o(x$fpl$fnorm2) refers (Special) to usenofp.o(x$fpl$usenofp) for __I$use$fp
    funder.o(x$fpl$funder) refers (Special) to usenofp.o(x$fpl$usenofp) for __I$use$fp
    rtentry2.o(.ARM.Collect$$rtentry$$00000008) refers to boardinit2.o(.text) for _platform_post_stackheap_init
    rtentry2.o(.ARM.Collect$$rtentry$$0000000A) refers to libinit.o(.ARM.Collect$$libinit$$00000000) for __rt_lib_init
    rtentry2.o(.ARM.Collect$$rtentry$$0000000B) refers to boardinit3.o(.text) for _platform_post_lib_init
    rtentry2.o(.ARM.Collect$$rtentry$$0000000D) refers to fastswitch.o(.text) for main
    rtentry2.o(.ARM.Collect$$rtentry$$0000000D) refers to exit.o(.text) for exit
    rtentry2.o(.ARM.exidx) refers to rtentry2.o(.ARM.Collect$$rtentry$$00000001) for .ARM.Collect$$rtentry$$00000001
    rtentry2.o(.ARM.exidx) refers to rtentry2.o(.ARM.Collect$$rtentry$$00000002) for .ARM.Collect$$rtentry$$00000002
    rtentry2.o(.ARM.exidx) refers to rtentry2.o(.ARM.Collect$$rtentry$$00000008) for .ARM.Collect$$rtentry$$00000008
    rtentry2.o(.ARM.exidx) refers to rtentry2.o(.ARM.Collect$$rtentry$$00000009) for .ARM.Collect$$rtentry$$00000009
    rtentry2.o(.ARM.exidx) refers to rtentry2.o(.ARM.Collect$$rtentry$$0000000A) for .ARM.Collect$$rtentry$$0000000A
    rtentry2.o(.ARM.exidx) refers to rtentry2.o(.ARM.Collect$$rtentry$$0000000B) for .ARM.Collect$$rtentry$$0000000B
    rtentry2.o(.ARM.exidx) refers to rtentry2.o(.ARM.Collect$$rtentry$$0000000C) for .ARM.Collect$$rtentry$$0000000C
    rtentry2.o(.ARM.exidx) refers to rtentry2.o(.ARM.Collect$$rtentry$$0000000D) for .ARM.Collect$$rtentry$$0000000D
    rtentry4.o(.ARM.Collect$$rtentry$$00000004) refers to sys_stackheap_outer.o(.text) for __user_setup_stackheap
    rtentry4.o(.ARM.exidx) refers to rtentry4.o(.ARM.Collect$$rtentry$$00000004) for .ARM.Collect$$rtentry$$00000004
    retnan.o(x$fpl$retnan) refers (Special) to usenofp.o(x$fpl$usenofp) for __I$use$fp
    retnan.o(x$fpl$retnan) refers to trapv.o(x$fpl$trapveneer) for __fpl_cmpreturn
    sys_stackheap_outer.o(.text) refers to libspace.o(.text) for __user_perproc_libspace
    sys_stackheap_outer.o(.text) refers to stm32f10x.o(.text) for __user_initial_stackheap
    exit.o(.text) refers to rtexit.o(.ARM.Collect$$rtexit$$00000000) for __rt_exit
    libinit.o(.ARM.Collect$$libinit$$00000000) refers (Special) to libinit2.o(.ARM.Collect$$libinit$$0000002A) for __rt_lib_init_alloca_1
    libinit.o(.ARM.Collect$$libinit$$00000000) refers (Special) to libinit2.o(.ARM.Collect$$libinit$$00000028) for __rt_lib_init_argv_1
    libinit.o(.ARM.Collect$$libinit$$00000000) refers (Special) to libinit2.o(.ARM.Collect$$libinit$$00000017) for __rt_lib_init_atexit_1
    libinit.o(.ARM.Collect$$libinit$$00000000) refers (Special) to libinit2.o(.ARM.Collect$$libinit$$0000001D) for __rt_lib_init_clock_1
    libinit.o(.ARM.Collect$$libinit$$00000000) refers (Special) to libinit2.o(.ARM.Collect$$libinit$$0000002E) for __rt_lib_init_cpp_1
    libinit.o(.ARM.Collect$$libinit$$00000000) refers (Special) to libinit2.o(.ARM.Collect$$libinit$$0000002C) for __rt_lib_init_exceptions_1
    libinit.o(.ARM.Collect$$libinit$$00000000) refers (Special) to libinit2.o(.ARM.Collect$$libinit$$0000001B) for __rt_lib_init_fp_trap_1
    libinit.o(.ARM.Collect$$libinit$$00000000) refers (Special) to libinit2.o(.ARM.Collect$$libinit$$0000001F) for __rt_lib_init_getenv_1
    libinit.o(.ARM.Collect$$libinit$$00000000) refers (Special) to libinit2.o(.ARM.Collect$$libinit$$00000006) for __rt_lib_init_heap_1
    libinit.o(.ARM.Collect$$libinit$$00000000) refers (Special) to libinit2.o(.ARM.Collect$$libinit$$0000000D) for __rt_lib_init_lc_collate_1
    libinit.o(.ARM.Collect$$libinit$$00000000) refers (Special) to libinit2.o(.ARM.Collect$$libinit$$0000000F) for __rt_lib_init_lc_ctype_1
    libinit.o(.ARM.Collect$$libinit$$00000000) refers (Special) to libinit2.o(.ARM.Collect$$libinit$$00000011) for __rt_lib_init_lc_monetary_1
    libinit.o(.ARM.Collect$$libinit$$00000000) refers (Special) to libinit2.o(.ARM.Collect$$libinit$$00000013) for __rt_lib_init_lc_numeric_1
    libinit.o(.ARM.Collect$$libinit$$00000000) refers (Special) to libinit2.o(.ARM.Collect$$libinit$$00000015) for __rt_lib_init_lc_time_1
    libinit.o(.ARM.Collect$$libinit$$00000000) refers (Special) to libinit2.o(.ARM.Collect$$libinit$$0000000A) for __rt_lib_init_rand_1
    libinit.o(.ARM.Collect$$libinit$$00000000) refers (Special) to libinit2.o(.ARM.Collect$$libinit$$0000002F) for __rt_lib_init_return
    libinit.o(.ARM.Collect$$libinit$$00000000) refers (Special) to libinit2.o(.ARM.Collect$$libinit$$00000019) for __rt_lib_init_signal_1
    libinit.o(.ARM.Collect$$libinit$$00000000) refers (Special) to libinit2.o(.ARM.Collect$$libinit$$00000021) for __rt_lib_init_stdio_1
    libinit.o(.ARM.Collect$$libinit$$00000000) refers (Special) to libinit2.o(.ARM.Collect$$libinit$$00000008) for __rt_lib_init_user_alloc_1
    trapv.o(x$fpl$trapveneer) refers (Special) to usenofp.o(x$fpl$usenofp) for __I$use$fp
    libspace.o(.text) refers to libspace.o(.bss) for __libspace_start
    rtexit.o(.ARM.Collect$$rtexit$$00000000) refers (Special) to rtexit2.o(.ARM.Collect$$rtexit$$00000004) for __rt_exit_exit
    rtexit.o(.ARM.Collect$$rtexit$$00000000) refers (Special) to rtexit2.o(.ARM.Collect$$rtexit$$00000003) for __rt_exit_ls
    rtexit.o(.ARM.Collect$$rtexit$$00000000) refers (Special) to rtexit2.o(.ARM.Collect$$rtexit$$00000002) for __rt_exit_prels_1
    rtexit.o(.ARM.exidx) refers (Special) to rtexit2.o(.ARM.Collect$$rtexit$$00000004) for __rt_exit_exit
    rtexit.o(.ARM.exidx) refers (Special) to rtexit2.o(.ARM.Collect$$rtexit$$00000003) for __rt_exit_ls
    rtexit.o(.ARM.exidx) refers (Special) to rtexit2.o(.ARM.Collect$$rtexit$$00000002) for __rt_exit_prels_1
    rtexit.o(.ARM.exidx) refers to rtexit.o(.ARM.Collect$$rtexit$$00000000) for .ARM.Collect$$rtexit$$00000000
    libinit2.o(.ARM.Collect$$libinit$$0000000C) refers to libinit2.o(.ARM.Collect$$libinit$$0000000B) for .ARM.Collect$$libinit$$0000000B
    libinit2.o(.ARM.Collect$$libinit$$0000000E) refers to libinit2.o(.ARM.Collect$$libinit$$0000000B) for .ARM.Collect$$libinit$$0000000B
    libinit2.o(.ARM.Collect$$libinit$$00000010) refers to libinit2.o(.ARM.Collect$$libinit$$0000000B) for .ARM.Collect$$libinit$$0000000B
    libinit2.o(.ARM.Collect$$libinit$$00000012) refers to libinit2.o(.ARM.Collect$$libinit$$0000000B) for .ARM.Collect$$libinit$$0000000B
    libinit2.o(.ARM.Collect$$libinit$$00000014) refers to libinit2.o(.ARM.Collect$$libinit$$0000000B) for .ARM.Collect$$libinit$$0000000B
    libinit2.o(.ARM.Collect$$libinit$$00000022) refers to argv_veneer.o(.emb_text) for __ARM_argv_veneer
    libinit2.o(.ARM.Collect$$libinit$$00000023) refers to argv_veneer.o(.emb_text) for __ARM_argv_veneer
    rtexit2.o(.ARM.Collect$$rtexit$$00000003) refers to libshutdown.o(.ARM.Collect$$libshutdown$$00000000) for __rt_lib_shutdown
    rtexit2.o(.ARM.Collect$$rtexit$$00000004) refers to usart.o(.text) for _sys_exit
    rtexit2.o(.ARM.exidx) refers to rtexit2.o(.ARM.Collect$$rtexit$$00000001) for .ARM.Collect$$rtexit$$00000001
    rtexit2.o(.ARM.exidx) refers to rtexit2.o(.ARM.Collect$$rtexit$$00000002) for .ARM.Collect$$rtexit$$00000002
    rtexit2.o(.ARM.exidx) refers to rtexit2.o(.ARM.Collect$$rtexit$$00000003) for .ARM.Collect$$rtexit$$00000003
    rtexit2.o(.ARM.exidx) refers to rtexit2.o(.ARM.Collect$$rtexit$$00000004) for .ARM.Collect$$rtexit$$00000004
    argv_veneer.o(.emb_text) refers to no_argv.o(.text) for __ARM_get_argv
    _get_argv_nomalloc.o(.text) refers (Special) to hrguard.o(.text) for __heap_region$guard
    _get_argv_nomalloc.o(.text) refers to defsig_rtmem_outer.o(.text) for __rt_SIGRTMEM
    _get_argv_nomalloc.o(.text) refers to sys_command.o(.text) for _sys_command_string
    libshutdown.o(.ARM.Collect$$libshutdown$$00000000) refers (Special) to libshutdown2.o(.ARM.Collect$$libshutdown$$00000006) for __rt_lib_shutdown_fp_trap_1
    libshutdown.o(.ARM.Collect$$libshutdown$$00000000) refers (Special) to libshutdown2.o(.ARM.Collect$$libshutdown$$0000000E) for __rt_lib_shutdown_heap_1
    libshutdown.o(.ARM.Collect$$libshutdown$$00000000) refers (Special) to libshutdown2.o(.ARM.Collect$$libshutdown$$0000000F) for __rt_lib_shutdown_return
    libshutdown.o(.ARM.Collect$$libshutdown$$00000000) refers (Special) to libshutdown2.o(.ARM.Collect$$libshutdown$$00000009) for __rt_lib_shutdown_signal_1
    libshutdown.o(.ARM.Collect$$libshutdown$$00000000) refers (Special) to libshutdown2.o(.ARM.Collect$$libshutdown$$00000003) for __rt_lib_shutdown_stdio_1
    libshutdown.o(.ARM.Collect$$libshutdown$$00000000) refers (Special) to libshutdown2.o(.ARM.Collect$$libshutdown$$0000000B) for __rt_lib_shutdown_user_alloc_1
    sys_command.o(.text) refers (Special) to use_no_semi.o(.text) for __I$use$semihosting
    defsig_rtmem_outer.o(.text) refers to defsig_rtmem_inner.o(.text) for __rt_SIGRTMEM_inner
    defsig_rtmem_outer.o(.text) refers to defsig_exit.o(.text) for __sig_exit
    defsig_rtmem_formal.o(.text) refers to rt_raise.o(.text) for __rt_raise
    rt_raise.o(.text) refers to __raise.o(.text) for __raise
    rt_raise.o(.text) refers to usart.o(.text) for _sys_exit
    defsig_exit.o(.text) refers to usart.o(.text) for _sys_exit
    defsig_rtmem_inner.o(.text) refers to defsig_general.o(.text) for __default_signal_display
    __raise.o(.text) refers to defsig.o(CL$$defsig) for __default_signal_handler
    defsig_general.o(.text) refers to sys_wrch.o(.text) for _ttywrch
    sys_wrch.o(.text) refers (Special) to use_no_semi.o(.text) for __I$use$semihosting
    defsig.o(CL$$defsig) refers to defsig_rtmem_inner.o(.text) for __rt_SIGRTMEM_inner
    defsig_abrt_inner.o(.text) refers to defsig_general.o(.text) for __default_signal_display
    defsig_fpe_inner.o(.text) refers to defsig_general.o(.text) for __default_signal_display
    defsig_rtred_inner.o(.text) refers to defsig_general.o(.text) for __default_signal_display
    defsig_stak_inner.o(.text) refers to defsig_general.o(.text) for __default_signal_display
    defsig_pvfn_inner.o(.text) refers to defsig_general.o(.text) for __default_signal_display
    defsig_cppl_inner.o(.text) refers to defsig_general.o(.text) for __default_signal_display
    defsig_segv_inner.o(.text) refers to defsig_general.o(.text) for __default_signal_display
    defsig_other.o(.text) refers to defsig_general.o(.text) for __default_signal_display


==============================================================================

Removing Unused input sections from the image.

    Removing timer.o(.data), (4 bytes).
    Removing usart.o(.data), (4 bytes).

2 unused section(s) (total 8 bytes) removed from the image.

==============================================================================

Image Symbol Table

    Local Symbols

    Symbol Name                              Value     Ov Type        Size  Object(Section)

    ../../angel/boardlib.s                   0x00000000   Number         0  boardinit2.o ABSOLUTE
    ../../angel/boardlib.s                   0x00000000   Number         0  boardinit3.o ABSOLUTE
    ../../angel/boardlib.s                   0x00000000   Number         0  boardinit1.o ABSOLUTE
    ../../angel/boardlib.s                   0x00000000   Number         0  boardshut.o ABSOLUTE
    ../../angel/handlers.s                   0x00000000   Number         0  __scatter_zi.o ABSOLUTE
    ../../angel/handlers.s                   0x00000000   Number         0  __scatter_copy.o ABSOLUTE
    ../../angel/kernel.s                     0x00000000   Number         0  rtentry2.o ABSOLUTE
    ../../angel/kernel.s                     0x00000000   Number         0  rtentry4.o ABSOLUTE
    ../../angel/kernel.s                     0x00000000   Number         0  rtexit2.o ABSOLUTE
    ../../angel/kernel.s                     0x00000000   Number         0  rtentry.o ABSOLUTE
    ../../angel/kernel.s                     0x00000000   Number         0  rtexit.o ABSOLUTE
    ../../angel/rt.s                         0x00000000   Number         0  rt_raise.o ABSOLUTE
    ../../angel/scatter.s                    0x00000000   Number         0  __scatter.o ABSOLUTE
    ../../angel/startup.s                    0x00000000   Number         0  __main.o ABSOLUTE
    ../../angel/sys.s                        0x00000000   Number         0  sys_stackheap_outer.o ABSOLUTE
    ../../angel/sys.s                        0x00000000   Number         0  use_no_semi.o ABSOLUTE
    ../../angel/sys.s                        0x00000000   Number         0  libspace.o ABSOLUTE
    ../../angel/sys.s                        0x00000000   Number         0  use_no_semi_2.o ABSOLUTE
    ../../angel/sysapp.c                     0x00000000   Number         0  sys_command.o ABSOLUTE
    ../../angel/sysapp.c                     0x00000000   Number         0  sys_wrch.o ABSOLUTE
    ../../armsys.c                           0x00000000   Number         0  argv_veneer.o ABSOLUTE
    ../../armsys.c                           0x00000000   Number         0  argv_veneer.o ABSOLUTE
    ../../armsys.c                           0x00000000   Number         0  _get_argv_nomalloc.o ABSOLUTE
    ../../armsys.c                           0x00000000   Number         0  no_argv.o ABSOLUTE
    ../../dcheck.s                           0x00000000   Number         0  dcheck.o ABSOLUTE
    ../../dcheck1.s                          0x00000000   Number         0  dcheck1.o ABSOLUTE
    ../../dfix.s                             0x00000000   Number         0  dfix.o ABSOLUTE
    ../../dflt.s                             0x00000000   Number         0  dflt_clz.o ABSOLUTE
    ../../dmul.s                             0x00000000   Number         0  dmul.o ABSOLUTE
    ../../dunder.s                           0x00000000   Number         0  dunder.o ABSOLUTE
    ../../f2d.s                              0x00000000   Number         0  f2d.o ABSOLUTE
    ../../faddsub.s                          0x00000000   Number         0  faddsub_clz.o ABSOLUTE
    ../../fcheck.s                           0x00000000   Number         0  fcheck.o ABSOLUTE
    ../../fcheck1.s                          0x00000000   Number         0  fcheck1.o ABSOLUTE
    ../../fdiv.s                             0x00000000   Number         0  fdiv.o ABSOLUTE
    ../../ffixu.s                            0x00000000   Number         0  ffixu.o ABSOLUTE
    ../../fflt.s                             0x00000000   Number         0  fflt_clz.o ABSOLUTE
    ../../fmul.s                             0x00000000   Number         0  fmul.o ABSOLUTE
    ../../fnorm2.s                           0x00000000   Number         0  fnorm2_clz.o ABSOLUTE
    ../../fpinit.s                           0x00000000   Number         0  fpinit.o ABSOLUTE
    ../../funder.s                           0x00000000   Number         0  funder.o ABSOLUTE
    ../../heapalloc.c                        0x00000000   Number         0  hrguard.o ABSOLUTE
    ../../heapaux.c                          0x00000000   Number         0  heapauxi.o ABSOLUTE
    ../../libinit.s                          0x00000000   Number         0  libshutdown2.o ABSOLUTE
    ../../libinit.s                          0x00000000   Number         0  libshutdown.o ABSOLUTE
    ../../libinit.s                          0x00000000   Number         0  libinit2.o ABSOLUTE
    ../../libinit.s                          0x00000000   Number         0  libinit.o ABSOLUTE
    ../../retnan.s                           0x00000000   Number         0  retnan.o ABSOLUTE
    ../../signal.c                           0x00000000   Number         0  defsig_rtmem_formal.o ABSOLUTE
    ../../signal.c                           0x00000000   Number         0  defsig_rtmem_outer.o ABSOLUTE
    ../../signal.c                           0x00000000   Number         0  defsig_pvfn_inner.o ABSOLUTE
    ../../signal.c                           0x00000000   Number         0  defsig_abrt_inner.o ABSOLUTE
    ../../signal.c                           0x00000000   Number         0  defsig_fpe_inner.o ABSOLUTE
    ../../signal.c                           0x00000000   Number         0  defsig_rtred_inner.o ABSOLUTE
    ../../signal.c                           0x00000000   Number         0  defsig_general.o ABSOLUTE
    ../../signal.c                           0x00000000   Number         0  defsig_other.o ABSOLUTE
    ../../signal.c                           0x00000000   Number         0  defsig_segv_inner.o ABSOLUTE
    ../../signal.c                           0x00000000   Number         0  defsig_cppl_inner.o ABSOLUTE
    ../../signal.c                           0x00000000   Number         0  __raise.o ABSOLUTE
    ../../signal.c                           0x00000000   Number         0  defsig_rtmem_inner.o ABSOLUTE
    ../../signal.c                           0x00000000   Number         0  defsig_exit.o ABSOLUTE
    ../../signal.c                           0x00000000   Number         0  defsig_stak_inner.o ABSOLUTE
    ../../signal.s                           0x00000000   Number         0  defsig.o ABSOLUTE
    ../../stdlib.c                           0x00000000   Number         0  exit.o ABSOLUTE
    ../../trapv.s                            0x00000000   Number         0  trapv.o ABSOLUTE
    ../../usenofp.s                          0x00000000   Number         0  usenofp.o ABSOLUTE
    ..\HARDWARE\ADC\adc.c                    0x00000000   Number         0  adc.o ABSOLUTE
    ..\HARDWARE\DS18B20\ds18b20.c            0x00000000   Number         0  ds18b20.o ABSOLUTE
    ..\HARDWARE\EXTI\exti.c                  0x00000000   Number         0  exti.o ABSOLUTE
    ..\HARDWARE\KEY\key.c                    0x00000000   Number         0  key.o ABSOLUTE
    ..\HARDWARE\LED\led.c                    0x00000000   Number         0  led.o ABSOLUTE
    ..\HARDWARE\TIMER\timer.c                0x00000000   Number         0  timer.o ABSOLUTE
    ..\SYSTEM\delay\delay.c                  0x00000000   Number         0  delay.o ABSOLUTE
    ..\SYSTEM\sys\sys.c                      0x00000000   Number         0  sys.o ABSOLUTE
    ..\SYSTEM\usart\usart.c                  0x00000000   Number         0  usart.o ABSOLUTE
    ..\\SYSTEM\\sys\\sys.c                   0x00000000   Number         0  sys.o ABSOLUTE
    STM32F10x.s                              0x00000000   Number         0  stm32f10x.o ABSOLUTE
    dc.s                                     0x00000000   Number         0  dc.o ABSOLUTE
    fastswitch.c                             0x00000000   Number         0  fastswitch.o ABSOLUTE
    RESET                                    0x08000000   Section      236  stm32f10x.o(RESET)
    !!!main                                  0x080000ec   Section        8  __main.o(!!!main)
    !!!scatter                               0x080000f4   Section       52  __scatter.o(!!!scatter)
    !!handler_copy                           0x08000128   Section       26  __scatter_copy.o(!!handler_copy)
    !!handler_zi                             0x08000144   Section       28  __scatter_zi.o(!!handler_zi)
    .ARM.Collect$$libinit$$00000000          0x08000160   Section        6  libinit.o(.ARM.Collect$$libinit$$00000000)
    .ARM.Collect$$libinit$$00000006          0x08000166   Section        0  libinit2.o(.ARM.Collect$$libinit$$00000006)
    .ARM.Collect$$libinit$$00000008          0x08000166   Section        0  libinit2.o(.ARM.Collect$$libinit$$00000008)
    .ARM.Collect$$libinit$$0000000A          0x08000166   Section        0  libinit2.o(.ARM.Collect$$libinit$$0000000A)
    .ARM.Collect$$libinit$$0000000D          0x08000166   Section        0  libinit2.o(.ARM.Collect$$libinit$$0000000D)
    .ARM.Collect$$libinit$$0000000F          0x08000166   Section        0  libinit2.o(.ARM.Collect$$libinit$$0000000F)
    .ARM.Collect$$libinit$$00000011          0x08000166   Section        0  libinit2.o(.ARM.Collect$$libinit$$00000011)
    .ARM.Collect$$libinit$$00000013          0x08000166   Section        0  libinit2.o(.ARM.Collect$$libinit$$00000013)
    .ARM.Collect$$libinit$$00000015          0x08000166   Section        0  libinit2.o(.ARM.Collect$$libinit$$00000015)
    .ARM.Collect$$libinit$$00000017          0x08000166   Section        0  libinit2.o(.ARM.Collect$$libinit$$00000017)
    .ARM.Collect$$libinit$$00000019          0x08000166   Section        0  libinit2.o(.ARM.Collect$$libinit$$00000019)
    .ARM.Collect$$libinit$$0000001B          0x08000166   Section        0  libinit2.o(.ARM.Collect$$libinit$$0000001B)
    .ARM.Collect$$libinit$$0000001D          0x08000166   Section        0  libinit2.o(.ARM.Collect$$libinit$$0000001D)
    .ARM.Collect$$libinit$$0000001F          0x08000166   Section        0  libinit2.o(.ARM.Collect$$libinit$$0000001F)
    .ARM.Collect$$libinit$$00000021          0x08000166   Section        0  libinit2.o(.ARM.Collect$$libinit$$00000021)
    .ARM.Collect$$libinit$$00000028          0x08000166   Section        0  libinit2.o(.ARM.Collect$$libinit$$00000028)
    .ARM.Collect$$libinit$$0000002A          0x08000166   Section        0  libinit2.o(.ARM.Collect$$libinit$$0000002A)
    .ARM.Collect$$libinit$$0000002C          0x08000166   Section        0  libinit2.o(.ARM.Collect$$libinit$$0000002C)
    .ARM.Collect$$libinit$$0000002E          0x08000166   Section        0  libinit2.o(.ARM.Collect$$libinit$$0000002E)
    .ARM.Collect$$libinit$$0000002F          0x08000166   Section        2  libinit2.o(.ARM.Collect$$libinit$$0000002F)
    .ARM.Collect$$libshutdown$$00000000      0x08000168   Section        2  libshutdown.o(.ARM.Collect$$libshutdown$$00000000)
    .ARM.Collect$$libshutdown$$00000003      0x0800016a   Section        0  libshutdown2.o(.ARM.Collect$$libshutdown$$00000003)
    .ARM.Collect$$libshutdown$$00000006      0x0800016a   Section        0  libshutdown2.o(.ARM.Collect$$libshutdown$$00000006)
    .ARM.Collect$$libshutdown$$00000009      0x0800016a   Section        0  libshutdown2.o(.ARM.Collect$$libshutdown$$00000009)
    .ARM.Collect$$libshutdown$$0000000B      0x0800016a   Section        0  libshutdown2.o(.ARM.Collect$$libshutdown$$0000000B)
    .ARM.Collect$$libshutdown$$0000000E      0x0800016a   Section        0  libshutdown2.o(.ARM.Collect$$libshutdown$$0000000E)
    .ARM.Collect$$libshutdown$$0000000F      0x0800016a   Section        2  libshutdown2.o(.ARM.Collect$$libshutdown$$0000000F)
    .ARM.Collect$$rtentry$$00000000          0x0800016c   Section        0  rtentry.o(.ARM.Collect$$rtentry$$00000000)
    .ARM.Collect$$rtentry$$00000002          0x0800016c   Section        0  rtentry2.o(.ARM.Collect$$rtentry$$00000002)
    .ARM.Collect$$rtentry$$00000004          0x0800016c   Section        6  rtentry4.o(.ARM.Collect$$rtentry$$00000004)
    .ARM.Collect$$rtentry$$00000009          0x08000172   Section        0  rtentry2.o(.ARM.Collect$$rtentry$$00000009)
    .ARM.Collect$$rtentry$$0000000A          0x08000172   Section        4  rtentry2.o(.ARM.Collect$$rtentry$$0000000A)
    .ARM.Collect$$rtentry$$0000000C          0x08000176   Section        0  rtentry2.o(.ARM.Collect$$rtentry$$0000000C)
    .ARM.Collect$$rtentry$$0000000D          0x08000176   Section        8  rtentry2.o(.ARM.Collect$$rtentry$$0000000D)
    .ARM.Collect$$rtexit$$00000000           0x0800017e   Section        0  rtexit.o(.ARM.Collect$$rtexit$$00000000)
    .ARM.Collect$$rtexit$$00000002           0x0800017e   Section        0  rtexit2.o(.ARM.Collect$$rtexit$$00000002)
    .ARM.Collect$$rtexit$$00000003           0x0800017e   Section        4  rtexit2.o(.ARM.Collect$$rtexit$$00000003)
    .ARM.Collect$$rtexit$$00000004           0x08000182   Section        4  rtexit2.o(.ARM.Collect$$rtexit$$00000004)
    .emb_text                                0x08000188   Section        2  sys.o(.emb_text)
    .text                                    0x0800018c   Section       52  stm32f10x.o(.text)
    .text                                    0x080001c0   Section      452  adc.o(.text)
    .text                                    0x08000384   Section      224  exti.o(.text)
    .text                                    0x08000464   Section      176  key.o(.text)
    .text                                    0x08000514   Section      152  led.o(.text)
    .text                                    0x080005ac   Section      572  timer.o(.text)
    .text                                    0x080007e8   Section      652  ds18b20.o(.text)
    .text                                    0x08000a74   Section      156  delay.o(.text)
    .text                                    0x08000b10   Section      740  sys.o(.text)
    .text                                    0x08000df4   Section      236  usart.o(.text)
    .text                                    0x08000ee0   Section     1500  fastswitch.o(.text)
    .text                                    0x080014bc   Section        2  use_no_semi_2.o(.text)
    .text                                    0x080014be   Section        6  heapauxi.o(.text)
    .text                                    0x080014c4   Section        2  use_no_semi.o(.text)
    .text                                    0x080014c6   Section       74  sys_stackheap_outer.o(.text)
    .text                                    0x08001510   Section       12  exit.o(.text)
    .text                                    0x0800151c   Section        8  libspace.o(.text)
    x$fpl$dcheck                             0x08001524   Section       16  dcheck.o(x$fpl$dcheck)
    x$fpl$dcheck1                            0x08001534   Section       16  dcheck1.o(x$fpl$dcheck1)
    x$fpl$dfix                               0x08001544   Section      156  dfix.o(x$fpl$dfix)
    x$fpl$dflt                               0x080015e0   Section       44  dflt_clz.o(x$fpl$dflt)
    x$fpl$dmul                               0x0800160c   Section      456  dmul.o(x$fpl$dmul)
    x$fpl$dunder                             0x080017d4   Section      236  dunder.o(x$fpl$dunder)
    x$fpl$f2d                                0x080018c0   Section       80  f2d.o(x$fpl$f2d)
    x$fpl$fadd                               0x08001910   Section      256  faddsub_clz.o(x$fpl$fadd)
    _fadd1                                   0x0800191f   Thumb Code     0  faddsub_clz.o(x$fpl$fadd)
    x$fpl$fcheck                             0x08001a10   Section       12  fcheck.o(x$fpl$fcheck)
    x$fpl$fcheck1                            0x08001a1c   Section       12  fcheck1.o(x$fpl$fcheck1)
    x$fpl$fdiv                               0x08001a28   Section      484  fdiv.o(x$fpl$fdiv)
    _fdiv1                                   0x08001a29   Thumb Code     0  fdiv.o(x$fpl$fdiv)
    x$fpl$ffixu                              0x08001c0c   Section       88  ffixu.o(x$fpl$ffixu)
    x$fpl$fflt                               0x08001c64   Section       50  fflt_clz.o(x$fpl$fflt)
    x$fpl$ffltu                              0x08001c96   Section        8  fflt_clz.o(x$fpl$ffltu)
    x$fpl$fmul                               0x08001ca0   Section      264  fmul.o(x$fpl$fmul)
    x$fpl$fnorm2                             0x08001da8   Section       74  fnorm2_clz.o(x$fpl$fnorm2)
    x$fpl$frsb                               0x08001df2   Section       20  faddsub_clz.o(x$fpl$frsb)
    x$fpl$fsub                               0x08001e08   Section      292  faddsub_clz.o(x$fpl$fsub)
    _fsub1                                   0x08001e17   Thumb Code     0  faddsub_clz.o(x$fpl$fsub)
    x$fpl$funder                             0x08001f2c   Section      134  funder.o(x$fpl$funder)
    x$fpl$retnan                             0x08001fb2   Section      100  retnan.o(x$fpl$retnan)
    x$fpl$trapveneer                         0x08002016   Section       48  trapv.o(x$fpl$trapveneer)
    x$fpl$usenofp                            0x08002046   Section        0  usenofp.o(x$fpl$usenofp)
    .data                                    0x20000000   Section        2  exti.o(.data)
    .data                                    0x20000002   Section        4  delay.o(.data)
    fac_us                                   0x20000002   Data           1  delay.o(.data)
    fac_ms                                   0x20000004   Data           2  delay.o(.data)
    .data                                    0x20000008   Section       14  fastswitch.o(.data)
    .bss                                     0x20000018   Section       96  libspace.o(.bss)
    HEAP                                     0x20000078   Section        0  stm32f10x.o(HEAP)
    STACK                                    0x20000078   Section     2048  stm32f10x.o(STACK)
    Heap_Mem                                 0x20000078   Data           0  stm32f10x.o(HEAP)
    Stack_Mem                                0x20000078   Data        2048  stm32f10x.o(STACK)
    __initial_sp                             0x20000878   Data           0  stm32f10x.o(STACK)

    Global Symbols

    Symbol Name                              Value     Ov Type        Size  Object(Section)

    BuildAttributes$$THM_ISAv4$P$D$K$B$S$PE$A:L22UL41UL21$X:L11$S22US41US21$IEEE1$IW$USESV6$~STKCKD$USESV7$~SHL$OSPACE$ROPI$EBA8$UX$STANDARDLIB$REQ8$PRES8$EABIv2 0x00000000   Number         0  anon$$obj.o ABSOLUTE
    __ARM_use_no_argv                        0x00000000   Number         0  fastswitch.o ABSOLUTE
    __ARM_exceptions_init                     - Undefined Weak Reference
    __alloca_initialize                       - Undefined Weak Reference
    __cpp_initialize__aeabi_                  - Undefined Weak Reference
    __cxa_finalize                            - Undefined Weak Reference
    __fpl_infinity                            - Undefined Weak Reference
    __rt_locale                               - Undefined Weak Reference
    __sigvec_lookup                           - Undefined Weak Reference
    _atexit_init                              - Undefined Weak Reference
    _call_atexit_fns                          - Undefined Weak Reference
    _clock_init                               - Undefined Weak Reference
    _fp_trap_init                             - Undefined Weak Reference
    _fp_trap_shutdown                         - Undefined Weak Reference
    _get_lc_collate                           - Undefined Weak Reference
    _get_lc_ctype                             - Undefined Weak Reference
    _get_lc_monetary                          - Undefined Weak Reference
    _get_lc_numeric                           - Undefined Weak Reference
    _get_lc_time                              - Undefined Weak Reference
    _getenv_init                              - Undefined Weak Reference
    _handle_redirection                       - Undefined Weak Reference
    _init_alloc                               - Undefined Weak Reference
    _init_user_alloc                          - Undefined Weak Reference
    _initio                                   - Undefined Weak Reference
    _rand_init                                - Undefined Weak Reference
    _signal_finish                            - Undefined Weak Reference
    _signal_init                              - Undefined Weak Reference
    _terminate_alloc                          - Undefined Weak Reference
    _terminate_user_alloc                     - Undefined Weak Reference
    _terminateio                              - Undefined Weak Reference
    __Vectors                                0x08000000   Data           4  stm32f10x.o(RESET)
    __main                                   0x080000ed   Thumb Code     8  __main.o(!!!main)
    __scatterload                            0x080000f5   Thumb Code     0  __scatter.o(!!!scatter)
    __scatterload_rt2                        0x080000f5   Thumb Code    44  __scatter.o(!!!scatter)
    __scatterload_rt2_thumb_only             0x080000f5   Thumb Code     0  __scatter.o(!!!scatter)
    __scatterload_null                       0x08000103   Thumb Code     0  __scatter.o(!!!scatter)
    __scatterload_copy                       0x08000129   Thumb Code    26  __scatter_copy.o(!!handler_copy)
    __scatterload_zeroinit                   0x08000145   Thumb Code    28  __scatter_zi.o(!!handler_zi)
    __rt_lib_init                            0x08000161   Thumb Code     0  libinit.o(.ARM.Collect$$libinit$$00000000)
    __rt_lib_init_alloca_1                   0x08000167   Thumb Code     0  libinit2.o(.ARM.Collect$$libinit$$0000002A)
    __rt_lib_init_argv_1                     0x08000167   Thumb Code     0  libinit2.o(.ARM.Collect$$libinit$$00000028)
    __rt_lib_init_atexit_1                   0x08000167   Thumb Code     0  libinit2.o(.ARM.Collect$$libinit$$00000017)
    __rt_lib_init_clock_1                    0x08000167   Thumb Code     0  libinit2.o(.ARM.Collect$$libinit$$0000001D)
    __rt_lib_init_cpp_1                      0x08000167   Thumb Code     0  libinit2.o(.ARM.Collect$$libinit$$0000002E)
    __rt_lib_init_exceptions_1               0x08000167   Thumb Code     0  libinit2.o(.ARM.Collect$$libinit$$0000002C)
    __rt_lib_init_fp_trap_1                  0x08000167   Thumb Code     0  libinit2.o(.ARM.Collect$$libinit$$0000001B)
    __rt_lib_init_getenv_1                   0x08000167   Thumb Code     0  libinit2.o(.ARM.Collect$$libinit$$0000001F)
    __rt_lib_init_heap_1                     0x08000167   Thumb Code     0  libinit2.o(.ARM.Collect$$libinit$$00000006)
    __rt_lib_init_lc_collate_1               0x08000167   Thumb Code     0  libinit2.o(.ARM.Collect$$libinit$$0000000D)
    __rt_lib_init_lc_ctype_1                 0x08000167   Thumb Code     0  libinit2.o(.ARM.Collect$$libinit$$0000000F)
    __rt_lib_init_lc_monetary_1              0x08000167   Thumb Code     0  libinit2.o(.ARM.Collect$$libinit$$00000011)
    __rt_lib_init_lc_numeric_1               0x08000167   Thumb Code     0  libinit2.o(.ARM.Collect$$libinit$$00000013)
    __rt_lib_init_lc_time_1                  0x08000167   Thumb Code     0  libinit2.o(.ARM.Collect$$libinit$$00000015)
    __rt_lib_init_rand_1                     0x08000167   Thumb Code     0  libinit2.o(.ARM.Collect$$libinit$$0000000A)
    __rt_lib_init_return                     0x08000167   Thumb Code     0  libinit2.o(.ARM.Collect$$libinit$$0000002F)
    __rt_lib_init_signal_1                   0x08000167   Thumb Code     0  libinit2.o(.ARM.Collect$$libinit$$00000019)
    __rt_lib_init_stdio_1                    0x08000167   Thumb Code     0  libinit2.o(.ARM.Collect$$libinit$$00000021)
    __rt_lib_init_user_alloc_1               0x08000167   Thumb Code     0  libinit2.o(.ARM.Collect$$libinit$$00000008)
    __rt_lib_shutdown                        0x08000169   Thumb Code     0  libshutdown.o(.ARM.Collect$$libshutdown$$00000000)
    __rt_lib_shutdown_fp_trap_1              0x0800016b   Thumb Code     0  libshutdown2.o(.ARM.Collect$$libshutdown$$00000006)
    __rt_lib_shutdown_heap_1                 0x0800016b   Thumb Code     0  libshutdown2.o(.ARM.Collect$$libshutdown$$0000000E)
    __rt_lib_shutdown_return                 0x0800016b   Thumb Code     0  libshutdown2.o(.ARM.Collect$$libshutdown$$0000000F)
    __rt_lib_shutdown_signal_1               0x0800016b   Thumb Code     0  libshutdown2.o(.ARM.Collect$$libshutdown$$00000009)
    __rt_lib_shutdown_stdio_1                0x0800016b   Thumb Code     0  libshutdown2.o(.ARM.Collect$$libshutdown$$00000003)
    __rt_lib_shutdown_user_alloc_1           0x0800016b   Thumb Code     0  libshutdown2.o(.ARM.Collect$$libshutdown$$0000000B)
    __rt_entry                               0x0800016d   Thumb Code     0  rtentry.o(.ARM.Collect$$rtentry$$00000000)
    __rt_entry_presh_1                       0x0800016d   Thumb Code     0  rtentry2.o(.ARM.Collect$$rtentry$$00000002)
    __rt_entry_sh                            0x0800016d   Thumb Code     0  rtentry4.o(.ARM.Collect$$rtentry$$00000004)
    __rt_entry_li                            0x08000173   Thumb Code     0  rtentry2.o(.ARM.Collect$$rtentry$$0000000A)
    __rt_entry_postsh_1                      0x08000173   Thumb Code     0  rtentry2.o(.ARM.Collect$$rtentry$$00000009)
    __rt_entry_main                          0x08000177   Thumb Code     0  rtentry2.o(.ARM.Collect$$rtentry$$0000000D)
    __rt_entry_postli_1                      0x08000177   Thumb Code     0  rtentry2.o(.ARM.Collect$$rtentry$$0000000C)
    __rt_exit                                0x0800017f   Thumb Code     0  rtexit.o(.ARM.Collect$$rtexit$$00000000)
    __rt_exit_ls                             0x0800017f   Thumb Code     0  rtexit2.o(.ARM.Collect$$rtexit$$00000003)
    __rt_exit_prels_1                        0x0800017f   Thumb Code     0  rtexit2.o(.ARM.Collect$$rtexit$$00000002)
    __rt_exit_exit                           0x08000183   Thumb Code     0  rtexit2.o(.ARM.Collect$$rtexit$$00000004)
    WFI_SET                                  0x08000189   Thumb Code     2  sys.o(.emb_text)
    Reset_Handler                            0x0800018d   Thumb Code     4  stm32f10x.o(.text)
    NMI_Handler                              0x08000191   Thumb Code     2  stm32f10x.o(.text)
    HardFault_Handler                        0x08000193   Thumb Code     2  stm32f10x.o(.text)
    MemManage_Handler                        0x08000195   Thumb Code     2  stm32f10x.o(.text)
    BusFault_Handler                         0x08000197   Thumb Code     2  stm32f10x.o(.text)
    UsageFault_Handler                       0x08000199   Thumb Code     2  stm32f10x.o(.text)
    SVC_Handler                              0x0800019b   Thumb Code     2  stm32f10x.o(.text)
    DebugMon_Handler                         0x0800019d   Thumb Code     2  stm32f10x.o(.text)
    PendSV_Handler                           0x0800019f   Thumb Code     2  stm32f10x.o(.text)
    SysTick_Handler                          0x080001a1   Thumb Code     2  stm32f10x.o(.text)
    ADC_IRQHandler                           0x080001a3   Thumb Code     0  stm32f10x.o(.text)
    CAN_RX1_IRQHandler                       0x080001a3   Thumb Code     0  stm32f10x.o(.text)
    CAN_SCE_IRQHandler                       0x080001a3   Thumb Code     0  stm32f10x.o(.text)
    DMAChannel1_IRQHandler                   0x080001a3   Thumb Code     0  stm32f10x.o(.text)
    DMAChannel2_IRQHandler                   0x080001a3   Thumb Code     0  stm32f10x.o(.text)
    DMAChannel3_IRQHandler                   0x080001a3   Thumb Code     0  stm32f10x.o(.text)
    DMAChannel4_IRQHandler                   0x080001a3   Thumb Code     0  stm32f10x.o(.text)
    DMAChannel5_IRQHandler                   0x080001a3   Thumb Code     0  stm32f10x.o(.text)
    DMAChannel6_IRQHandler                   0x080001a3   Thumb Code     0  stm32f10x.o(.text)
    DMAChannel7_IRQHandler                   0x080001a3   Thumb Code     0  stm32f10x.o(.text)
    EXTI0_IRQHandler                         0x080001a3   Thumb Code     0  stm32f10x.o(.text)
    EXTI1_IRQHandler                         0x080001a3   Thumb Code     0  stm32f10x.o(.text)
    EXTI2_IRQHandler                         0x080001a3   Thumb Code     0  stm32f10x.o(.text)
    EXTI3_IRQHandler                         0x080001a3   Thumb Code     0  stm32f10x.o(.text)
    EXTI4_IRQHandler                         0x080001a3   Thumb Code     0  stm32f10x.o(.text)
    EXTI9_5_IRQHandler                       0x080001a3   Thumb Code     0  stm32f10x.o(.text)
    FLASH_IRQHandler                         0x080001a3   Thumb Code     0  stm32f10x.o(.text)
    I2C1_ER_IRQHandler                       0x080001a3   Thumb Code     0  stm32f10x.o(.text)
    I2C1_EV_IRQHandler                       0x080001a3   Thumb Code     0  stm32f10x.o(.text)
    I2C2_ER_IRQHandler                       0x080001a3   Thumb Code     0  stm32f10x.o(.text)
    I2C2_EV_IRQHandler                       0x080001a3   Thumb Code     0  stm32f10x.o(.text)
    PVD_IRQHandler                           0x080001a3   Thumb Code     0  stm32f10x.o(.text)
    RCC_IRQHandler                           0x080001a3   Thumb Code     0  stm32f10x.o(.text)
    RTCAlarm_IRQHandler                      0x080001a3   Thumb Code     0  stm32f10x.o(.text)
    RTC_IRQHandler                           0x080001a3   Thumb Code     0  stm32f10x.o(.text)
    SPI1_IRQHandler                          0x080001a3   Thumb Code     0  stm32f10x.o(.text)
    SPI2_IRQHandler                          0x080001a3   Thumb Code     0  stm32f10x.o(.text)
    TAMPER_IRQHandler                        0x080001a3   Thumb Code     0  stm32f10x.o(.text)
    TIM1_BRK_IRQHandler                      0x080001a3   Thumb Code     0  stm32f10x.o(.text)
    TIM1_CC_IRQHandler                       0x080001a3   Thumb Code     0  stm32f10x.o(.text)
    TIM1_TRG_COM_IRQHandler                  0x080001a3   Thumb Code     0  stm32f10x.o(.text)
    TIM1_UP_IRQHandler                       0x080001a3   Thumb Code     0  stm32f10x.o(.text)
    TIM2_IRQHandler                          0x080001a3   Thumb Code     0  stm32f10x.o(.text)
    TIM3_IRQHandler                          0x080001a3   Thumb Code     0  stm32f10x.o(.text)
    USART1_IRQHandler                        0x080001a3   Thumb Code     0  stm32f10x.o(.text)
    USART2_IRQHandler                        0x080001a3   Thumb Code     0  stm32f10x.o(.text)
    USART3_IRQHandler                        0x080001a3   Thumb Code     0  stm32f10x.o(.text)
    USBWakeUp_IRQHandler                     0x080001a3   Thumb Code     0  stm32f10x.o(.text)
    USB_HP_CAN_TX_IRQHandler                 0x080001a3   Thumb Code     0  stm32f10x.o(.text)
    USB_LP_CAN_RX0_IRQHandler                0x080001a3   Thumb Code     0  stm32f10x.o(.text)
    WWDG_IRQHandler                          0x080001a3   Thumb Code     0  stm32f10x.o(.text)
    __user_initial_stackheap                 0x080001a5   Thumb Code     0  stm32f10x.o(.text)
    Adc_Init                                 0x080001c1   Thumb Code   356  adc.o(.text)
    Get_Adc                                  0x08000325   Thumb Code    68  adc.o(.text)
    EXTI15_10_IRQHandler                     0x08000385   Thumb Code   106  exti.o(.text)
    EXTIX_Init                               0x080003ef   Thumb Code    80  exti.o(.text)
    KEY_Init                                 0x08000465   Thumb Code   164  key.o(.text)
    LED_Init                                 0x08000515   Thumb Code   140  led.o(.text)
    TIM4_IRQHandler                          0x080005ad   Thumb Code    64  timer.o(.text)
    Timer4_Init                              0x080005ed   Thumb Code    72  timer.o(.text)
    PWM_Init                                 0x08000635   Thumb Code   398  timer.o(.text)
    DS18B20_Rst                              0x080007e9   Thumb Code    60  ds18b20.o(.text)
    DS18B20_Check                            0x08000825   Thumb Code   102  ds18b20.o(.text)
    DS18B20_Read_Bit                         0x0800088b   Thumb Code   110  ds18b20.o(.text)
    DS18B20_Read_Byte                        0x080008f9   Thumb Code    34  ds18b20.o(.text)
    DS18B20_Write_Byte                       0x0800091b   Thumb Code   108  ds18b20.o(.text)
    DS18B20_Start                            0x08000987   Thumb Code    24  ds18b20.o(.text)
    DS18B20_Init                             0x0800099f   Thumb Code    66  ds18b20.o(.text)
    DS18B20_Get_Temp                         0x080009e1   Thumb Code   120  ds18b20.o(.text)
    delay_init                               0x08000a75   Thumb Code    46  delay.o(.text)
    delay_ms                                 0x08000aa3   Thumb Code    54  delay.o(.text)
    delay_us                                 0x08000ad9   Thumb Code    52  delay.o(.text)
    MY_NVIC_SetVectorTable                   0x08000b11   Thumb Code    12  sys.o(.text)
    MY_NVIC_PriorityGroupConfig              0x08000b1d   Thumb Code    36  sys.o(.text)
    MY_NVIC_Init                             0x08000b41   Thumb Code   148  sys.o(.text)
    Ex_NVIC_Config                           0x08000bd5   Thumb Code   148  sys.o(.text)
    MYRCC_DeInit                             0x08000c69   Thumb Code    90  sys.o(.text)
    Sys_Standby                              0x08000cc3   Thumb Code    70  sys.o(.text)
    Sys_Soft_Reset                           0x08000d09   Thumb Code    12  sys.o(.text)
    JTAG_Set                                 0x08000d15   Thumb Code    44  sys.o(.text)
    Stm32_Clock_Init                         0x08000d41   Thumb Code   130  sys.o(.text)
    _sys_exit                                0x08000df5   Thumb Code     6  usart.o(.text)
    fputc                                    0x08000dfb   Thumb Code    22  usart.o(.text)
    uart_init                                0x08000e11   Thumb Code   184  usart.o(.text)
    distin_A_C                               0x08000ee1   Thumb Code   186  fastswitch.o(.text)
    main                                     0x08000f9b   Thumb Code  1284  fastswitch.o(.text)
    __use_no_semihosting                     0x080014bd   Thumb Code     2  use_no_semi_2.o(.text)
    __use_two_region_memory                  0x080014bf   Thumb Code     2  heapauxi.o(.text)
    __rt_heap_escrow$2region                 0x080014c1   Thumb Code     2  heapauxi.o(.text)
    __rt_heap_expand$2region                 0x080014c3   Thumb Code     2  heapauxi.o(.text)
    __I$use$semihosting                      0x080014c5   Thumb Code     0  use_no_semi.o(.text)
    __use_no_semihosting_swi                 0x080014c5   Thumb Code     2  use_no_semi.o(.text)
    __user_setup_stackheap                   0x080014c7   Thumb Code    74  sys_stackheap_outer.o(.text)
    exit                                     0x08001511   Thumb Code    12  exit.o(.text)
    __user_libspace                          0x0800151d   Thumb Code     8  libspace.o(.text)
    __user_perproc_libspace                  0x0800151d   Thumb Code     0  libspace.o(.text)
    __user_perthread_libspace                0x0800151d   Thumb Code     0  libspace.o(.text)
    __fpl_dcheck_NaN2                        0x08001525   Thumb Code    10  dcheck.o(x$fpl$dcheck)
    __fpl_dcheck_NaN1                        0x08001535   Thumb Code    10  dcheck1.o(x$fpl$dcheck1)
    __aeabi_d2iz                             0x08001545   Thumb Code     0  dfix.o(x$fpl$dfix)
    _dfix                                    0x08001545   Thumb Code   150  dfix.o(x$fpl$dfix)
    __fpl_inf_dfix                           0x080015d1   Thumb Code     0  dfix.o(x$fpl$dfix)
    __aeabi_i2d                              0x080015e1   Thumb Code     0  dflt_clz.o(x$fpl$dflt)
    _dflt                                    0x080015e1   Thumb Code    44  dflt_clz.o(x$fpl$dflt)
    __dflt_normalise                         0x080015ef   Thumb Code     0  dflt_clz.o(x$fpl$dflt)
    __aeabi_dmul                             0x0800160d   Thumb Code     0  dmul.o(x$fpl$dmul)
    _dmul                                    0x0800160d   Thumb Code   440  dmul.o(x$fpl$dmul)
    __fpl_inf_dmul                           0x08001797   Thumb Code     0  dmul.o(x$fpl$dmul)
    __dunder                                 0x080017d5   Thumb Code   234  dunder.o(x$fpl$dunder)
    __dunder_d                               0x080018bf   Thumb Code     2  dunder.o(x$fpl$dunder)
    __aeabi_f2d                              0x080018c1   Thumb Code     0  f2d.o(x$fpl$f2d)
    _f2d                                     0x080018c1   Thumb Code    76  f2d.o(x$fpl$f2d)
    __fpl_inf_f2d                            0x08001905   Thumb Code     0  f2d.o(x$fpl$f2d)
    __aeabi_fadd                             0x08001911   Thumb Code     0  faddsub_clz.o(x$fpl$fadd)
    _fadd                                    0x08001911   Thumb Code   248  faddsub_clz.o(x$fpl$fadd)
    __fpl_inf_fadd                           0x080019eb   Thumb Code     0  faddsub_clz.o(x$fpl$fadd)
    __fpl_fcheck_NaN2                        0x08001a11   Thumb Code     6  fcheck.o(x$fpl$fcheck)
    __fpl_fcheck_NaN1                        0x08001a1d   Thumb Code     6  fcheck1.o(x$fpl$fcheck1)
    __aeabi_fdiv                             0x08001a29   Thumb Code     0  fdiv.o(x$fpl$fdiv)
    _fdiv                                    0x08001a29   Thumb Code   476  fdiv.o(x$fpl$fdiv)
    __fpl_inf_fdiv                           0x08001bcd   Thumb Code     0  fdiv.o(x$fpl$fdiv)
    __aeabi_f2uiz                            0x08001c0d   Thumb Code     0  ffixu.o(x$fpl$ffixu)
    _ffixu                                   0x08001c0d   Thumb Code    82  ffixu.o(x$fpl$ffixu)
    __fpl_inf_ffixu                          0x08001c59   Thumb Code     0  ffixu.o(x$fpl$ffixu)
    __aeabi_i2f                              0x08001c65   Thumb Code     0  fflt_clz.o(x$fpl$fflt)
    _fflt                                    0x08001c65   Thumb Code    50  fflt_clz.o(x$fpl$fflt)
    __fflt_normalise                         0x08001c71   Thumb Code     0  fflt_clz.o(x$fpl$fflt)
    __aeabi_ui2f                             0x08001c97   Thumb Code     0  fflt_clz.o(x$fpl$ffltu)
    _ffltu                                   0x08001c97   Thumb Code     8  fflt_clz.o(x$fpl$ffltu)
    __aeabi_fmul                             0x08001ca1   Thumb Code     0  fmul.o(x$fpl$fmul)
    _fmul                                    0x08001ca1   Thumb Code   258  fmul.o(x$fpl$fmul)
    __fpl_inf_fmul                           0x08001d8d   Thumb Code     0  fmul.o(x$fpl$fmul)
    __fpl_normalise2                         0x08001da9   Thumb Code    74  fnorm2_clz.o(x$fpl$fnorm2)
    __aeabi_frsub                            0x08001df3   Thumb Code     0  faddsub_clz.o(x$fpl$frsb)
    _frsb                                    0x08001df3   Thumb Code    20  faddsub_clz.o(x$fpl$frsb)
    __aeabi_fsub                             0x08001e09   Thumb Code     0  faddsub_clz.o(x$fpl$fsub)
    _fsub                                    0x08001e09   Thumb Code   282  faddsub_clz.o(x$fpl$fsub)
    __fpl_inf_fsub                           0x08001f03   Thumb Code     0  faddsub_clz.o(x$fpl$fsub)
    __funder                                 0x08001f2d   Thumb Code   132  funder.o(x$fpl$funder)
    __funder_d                               0x08001fb1   Thumb Code     2  funder.o(x$fpl$funder)
    __fpl_return_NaN                         0x08001fb3   Thumb Code   100  retnan.o(x$fpl$retnan)
    __fpl_cmpreturn                          0x08002017   Thumb Code    48  trapv.o(x$fpl$trapveneer)
    __I$use$fp                               0x08002047   Thumb Code     0  usenofp.o(x$fpl$usenofp)
    Region$$Table$$Base                      0x08002048   Number         0  anon$$obj.o(Region$$Table)
    Region$$Table$$Limit                     0x08002068   Number         0  anon$$obj.o(Region$$Table)
    key_xb                                   0x20000000   Data           1  exti.o(.data)
    flag                                     0x20000001   Data           1  exti.o(.data)
    C_flag                                   0x20000008   Data           1  fastswitch.o(.data)
    A_flag                                   0x20000009   Data           1  fastswitch.o(.data)
    C_count                                  0x2000000c   Data           4  fastswitch.o(.data)
    A_count                                  0x20000010   Data           4  fastswitch.o(.data)
    mutex                                    0x20000014   Data           1  fastswitch.o(.data)
    flag_xu                                  0x20000015   Data           1  fastswitch.o(.data)
    __libspace_start                         0x20000018   Data          96  libspace.o(.bss)
    __temporary_stack_top$libspace           0x20000078   Data           0  libspace.o(.bss)



==============================================================================

Memory Map of the image

  Image Entry point : 0x080000ed

  Load Region LR_IROM1 (Base: 0x08000000, Size: 0x00002080, Max: 0x00010000, ABSOLUTE)

    Execution Region ER_IROM1 (Base: 0x08000000, Size: 0x00002068, Max: 0x00010000, ABSOLUTE)

    Base Addr    Size         Type   Attr      Idx    E Section Name        Object

    0x08000000   0x000000ec   Data   RO            3    RESET               stm32f10x.o
    0x080000ec   0x00000008   Code   RO          278  * !!!main             __main.o(c_w.l)
    0x080000f4   0x00000034   Code   RO          484    !!!scatter          __scatter.o(c_w.l)
    0x08000128   0x0000001a   Code   RO          486    !!handler_copy      __scatter_copy.o(c_w.l)
    0x08000142   0x00000002   PAD
    0x08000144   0x0000001c   Code   RO          488    !!handler_zi        __scatter_zi.o(c_w.l)
    0x08000160   0x00000006   Code   RO          361    .ARM.Collect$$libinit$$00000000  libinit.o(c_w.l)
    0x08000166   0x00000000   Code   RO          371    .ARM.Collect$$libinit$$00000006  libinit2.o(c_w.l)
    0x08000166   0x00000000   Code   RO          373    .ARM.Collect$$libinit$$00000008  libinit2.o(c_w.l)
    0x08000166   0x00000000   Code   RO          375    .ARM.Collect$$libinit$$0000000A  libinit2.o(c_w.l)
    0x08000166   0x00000000   Code   RO          378    .ARM.Collect$$libinit$$0000000D  libinit2.o(c_w.l)
    0x08000166   0x00000000   Code   RO          380    .ARM.Collect$$libinit$$0000000F  libinit2.o(c_w.l)
    0x08000166   0x00000000   Code   RO          382    .ARM.Collect$$libinit$$00000011  libinit2.o(c_w.l)
    0x08000166   0x00000000   Code   RO          384    .ARM.Collect$$libinit$$00000013  libinit2.o(c_w.l)
    0x08000166   0x00000000   Code   RO          386    .ARM.Collect$$libinit$$00000015  libinit2.o(c_w.l)
    0x08000166   0x00000000   Code   RO          388    .ARM.Collect$$libinit$$00000017  libinit2.o(c_w.l)
    0x08000166   0x00000000   Code   RO          390    .ARM.Collect$$libinit$$00000019  libinit2.o(c_w.l)
    0x08000166   0x00000000   Code   RO          392    .ARM.Collect$$libinit$$0000001B  libinit2.o(c_w.l)
    0x08000166   0x00000000   Code   RO          394    .ARM.Collect$$libinit$$0000001D  libinit2.o(c_w.l)
    0x08000166   0x00000000   Code   RO          396    .ARM.Collect$$libinit$$0000001F  libinit2.o(c_w.l)
    0x08000166   0x00000000   Code   RO          398    .ARM.Collect$$libinit$$00000021  libinit2.o(c_w.l)
    0x08000166   0x00000000   Code   RO          402    .ARM.Collect$$libinit$$00000028  libinit2.o(c_w.l)
    0x08000166   0x00000000   Code   RO          404    .ARM.Collect$$libinit$$0000002A  libinit2.o(c_w.l)
    0x08000166   0x00000000   Code   RO          406    .ARM.Collect$$libinit$$0000002C  libinit2.o(c_w.l)
    0x08000166   0x00000000   Code   RO          408    .ARM.Collect$$libinit$$0000002E  libinit2.o(c_w.l)
    0x08000166   0x00000002   Code   RO          409    .ARM.Collect$$libinit$$0000002F  libinit2.o(c_w.l)
    0x08000168   0x00000002   Code   RO          428    .ARM.Collect$$libshutdown$$00000000  libshutdown.o(c_w.l)
    0x0800016a   0x00000000   Code   RO          439    .ARM.Collect$$libshutdown$$00000003  libshutdown2.o(c_w.l)
    0x0800016a   0x00000000   Code   RO          442    .ARM.Collect$$libshutdown$$00000006  libshutdown2.o(c_w.l)
    0x0800016a   0x00000000   Code   RO          445    .ARM.Collect$$libshutdown$$00000009  libshutdown2.o(c_w.l)
    0x0800016a   0x00000000   Code   RO          447    .ARM.Collect$$libshutdown$$0000000B  libshutdown2.o(c_w.l)
    0x0800016a   0x00000000   Code   RO          450    .ARM.Collect$$libshutdown$$0000000E  libshutdown2.o(c_w.l)
    0x0800016a   0x00000002   Code   RO          451    .ARM.Collect$$libshutdown$$0000000F  libshutdown2.o(c_w.l)
    0x0800016c   0x00000000   Code   RO          310    .ARM.Collect$$rtentry$$00000000  rtentry.o(c_w.l)
    0x0800016c   0x00000000   Code   RO          332    .ARM.Collect$$rtentry$$00000002  rtentry2.o(c_w.l)
    0x0800016c   0x00000006   Code   RO          347    .ARM.Collect$$rtentry$$00000004  rtentry4.o(c_w.l)
    0x08000172   0x00000000   Code   RO          334    .ARM.Collect$$rtentry$$00000009  rtentry2.o(c_w.l)
    0x08000172   0x00000004   Code   RO          335    .ARM.Collect$$rtentry$$0000000A  rtentry2.o(c_w.l)
    0x08000176   0x00000000   Code   RO          337    .ARM.Collect$$rtentry$$0000000C  rtentry2.o(c_w.l)
    0x08000176   0x00000008   Code   RO          338    .ARM.Collect$$rtentry$$0000000D  rtentry2.o(c_w.l)
    0x0800017e   0x00000000   Code   RO          367    .ARM.Collect$$rtexit$$00000000  rtexit.o(c_w.l)
    0x0800017e   0x00000000   Code   RO          413    .ARM.Collect$$rtexit$$00000002  rtexit2.o(c_w.l)
    0x0800017e   0x00000004   Code   RO          414    .ARM.Collect$$rtexit$$00000003  rtexit2.o(c_w.l)
    0x08000182   0x00000004   Code   RO          415    .ARM.Collect$$rtexit$$00000004  rtexit2.o(c_w.l)
    0x08000186   0x00000002   PAD
    0x08000188   0x00000002   Code   RO          221    .emb_text           sys.o
    0x0800018a   0x00000002   PAD
    0x0800018c   0x00000034   Code   RO            4    .text               stm32f10x.o
    0x080001c0   0x000001c4   Code   RO           10    .text               adc.o
    0x08000384   0x000000e0   Code   RO          113    .text               exti.o
    0x08000464   0x000000b0   Code   RO          152    .text               key.o
    0x08000514   0x00000098   Code   RO          164    .text               led.o
    0x080005ac   0x0000023c   Code   RO          176    .text               timer.o
    0x080007e8   0x0000028c   Code   RO          192    .text               ds18b20.o
    0x08000a74   0x0000009c   Code   RO          207    .text               delay.o
    0x08000b10   0x000002e4   Code   RO          222    .text               sys.o
    0x08000df4   0x000000ec   Code   RO          237    .text               usart.o
    0x08000ee0   0x000005dc   Code   RO          256    .text               fastswitch.o
    0x080014bc   0x00000002   Code   RO          274    .text               use_no_semi_2.o(c_w.l)
    0x080014be   0x00000006   Code   RO          276    .text               heapauxi.o(c_w.l)
    0x080014c4   0x00000002   Code   RO          308    .text               use_no_semi.o(c_w.l)
    0x080014c6   0x0000004a   Code   RO          351    .text               sys_stackheap_outer.o(c_w.l)
    0x08001510   0x0000000c   Code   RO          353    .text               exit.o(c_w.l)
    0x0800151c   0x00000008   Code   RO          364    .text               libspace.o(c_w.l)
    0x08001524   0x00000010   Code   RO          312    x$fpl$dcheck        dcheck.o(fz_ws.l)
    0x08001534   0x00000010   Code   RO          314    x$fpl$dcheck1       dcheck1.o(fz_ws.l)
    0x08001544   0x0000009c   Code   RO          280    x$fpl$dfix          dfix.o(fz_ws.l)
    0x080015e0   0x0000002c   Code   RO          317    x$fpl$dflt          dflt_clz.o(fz_ws.l)
    0x0800160c   0x000001c8   Code   RO          284    x$fpl$dmul          dmul.o(fz_ws.l)
    0x080017d4   0x000000ec   Code   RO          320    x$fpl$dunder        dunder.o(fz_ws.l)
    0x080018c0   0x00000050   Code   RO          286    x$fpl$f2d           f2d.o(fz_ws.l)
    0x08001910   0x00000100   Code   RO          288    x$fpl$fadd          faddsub_clz.o(fz_ws.l)
    0x08001a10   0x0000000c   Code   RO          322    x$fpl$fcheck        fcheck.o(fz_ws.l)
    0x08001a1c   0x0000000c   Code   RO          324    x$fpl$fcheck1       fcheck1.o(fz_ws.l)
    0x08001a28   0x000001e4   Code   RO          295    x$fpl$fdiv          fdiv.o(fz_ws.l)
    0x08001c0c   0x00000058   Code   RO          298    x$fpl$ffixu         ffixu.o(fz_ws.l)
    0x08001c64   0x00000032   Code   RO          303    x$fpl$fflt          fflt_clz.o(fz_ws.l)
    0x08001c96   0x00000008   Code   RO          302    x$fpl$ffltu         fflt_clz.o(fz_ws.l)
    0x08001c9e   0x00000002   PAD
    0x08001ca0   0x00000108   Code   RO          306    x$fpl$fmul          fmul.o(fz_ws.l)
    0x08001da8   0x0000004a   Code   RO          326    x$fpl$fnorm2        fnorm2_clz.o(fz_ws.l)
    0x08001df2   0x00000014   Code   RO          289    x$fpl$frsb          faddsub_clz.o(fz_ws.l)
    0x08001e06   0x00000002   PAD
    0x08001e08   0x00000124   Code   RO          290    x$fpl$fsub          faddsub_clz.o(fz_ws.l)
    0x08001f2c   0x00000086   Code   RO          328    x$fpl$funder        funder.o(fz_ws.l)
    0x08001fb2   0x00000064   Code   RO          349    x$fpl$retnan        retnan.o(fz_ws.l)
    0x08002016   0x00000030   Code   RO          362    x$fpl$trapveneer    trapv.o(fz_ws.l)
    0x08002046   0x00000000   Code   RO          330    x$fpl$usenofp       usenofp.o(fz_ws.l)
    0x08002046   0x00000002   PAD
    0x08002048   0x00000020   Data   RO          482    Region$$Table       anon$$obj.o


    Execution Region RW_IRAM1 (Base: 0x20000000, Size: 0x00000878, Max: 0x00005000, ABSOLUTE)

    Base Addr    Size         Type   Attr      Idx    E Section Name        Object

    0x20000000   0x00000002   Data   RW          114    .data               exti.o
    0x20000002   0x00000004   Data   RW          208    .data               delay.o
    0x20000006   0x00000002   PAD
    0x20000008   0x0000000e   Data   RW          257    .data               fastswitch.o
    0x20000016   0x00000002   PAD
    0x20000018   0x00000060   Zero   RW          365    .bss                libspace.o(c_w.l)
    0x20000078   0x00000000   Zero   RW            2    HEAP                stm32f10x.o
    0x20000078   0x00000800   Zero   RW            1    STACK               stm32f10x.o


==============================================================================

Image component sizes


      Code (inc. data)   RO Data    RW Data    ZI Data      Debug   Object Name

       452         28          0          0          0       3323   adc.o
       156          4          0          4          0        979   delay.o
       652         28          0          0          0       2066   ds18b20.o
       224         38          0          2          0       1372   exti.o
      1500         78          0         14          0       2532   fastswitch.o
       176         12          0          0          0        443   key.o
       152         12          0          0          0        439   led.o
        52         18        236          0       2048        464   stm32f10x.o
       742         50          0          0          0       2675   sys.o
       572         38          0          0          0       1007   timer.o
       236         24          0          0          0       2463   usart.o

    ----------------------------------------------------------------------
      4916        330        268         24       2048      17763   Object Totals
         0          0         32          0          0          0   (incl. Generated)
         2          0          0          4          0          3   (incl. Padding)

    ----------------------------------------------------------------------

      Code (inc. data)   RO Data    RW Data    ZI Data      Debug   Library Member Name

         8          0          0          0          0         68   __main.o
        52          8          0          0          0          0   __scatter.o
        26          0          0          0          0          0   __scatter_copy.o
        28          0          0          0          0          0   __scatter_zi.o
        16          6          0          0          0         68   dcheck.o
        16          6          0          0          0         68   dcheck1.o
       156          6          0          0          0         76   dfix.o
        44          0          0          0          0         68   dflt_clz.o
       456         16          0          0          0        100   dmul.o
       236          0          0          0          0         92   dunder.o
        12          0          0          0          0         68   exit.o
        80          4          0          0          0         68   f2d.o
       568         18          0          0          0        204   faddsub_clz.o
        12          6          0          0          0         68   fcheck.o
        12          6          0          0          0         68   fcheck1.o
       484         76          0          0          0         76   fdiv.o
        88          6          0          0          0         68   ffixu.o
        58          0          0          0          0        136   fflt_clz.o
       264          6          0          0          0         68   fmul.o
        74          0          0          0          0         84   fnorm2_clz.o
       134          0          0          0          0         84   funder.o
         6          0          0          0          0        148   heapauxi.o
         6          0          0          0          0          0   libinit.o
         2          0          0          0          0          0   libinit2.o
         2          0          0          0          0          0   libshutdown.o
         2          0          0          0          0          0   libshutdown2.o
         8          4          0          0         96         68   libspace.o
       100          0          0          0          0         68   retnan.o
         0          0          0          0          0          0   rtentry.o
        12          0          0          0          0          0   rtentry2.o
         6          0          0          0          0          0   rtentry4.o
         0          0          0          0          0          0   rtexit.o
         8          0          0          0          0          0   rtexit2.o
        74          0          0          0          0         80   sys_stackheap_outer.o
        48          0          0          0          0         68   trapv.o
         2          0          0          0          0         68   use_no_semi.o
         2          0          0          0          0         68   use_no_semi_2.o
         0          0          0          0          0          0   usenofp.o

    ----------------------------------------------------------------------
      3112        168          0          0         96       2100   Library Totals
        10          0          0          0          0          0   (incl. Padding)

    ----------------------------------------------------------------------

      Code (inc. data)   RO Data    RW Data    ZI Data      Debug   Library Name

       256         12          0          0         96        568   c_w.l
      2846        156          0          0          0       1532   fz_ws.l

    ----------------------------------------------------------------------
      3112        168          0          0         96       2100   Library Totals

    ----------------------------------------------------------------------

==============================================================================


      Code (inc. data)   RO Data    RW Data    ZI Data      Debug   

      8028        498        268         24       2144      17816   Grand Totals
      8028        498        268         24       2144      17816   ELF Image Totals
      8028        498        268         24          0          0   ROM Totals

==============================================================================

    Total RO  Size (Code + RO Data)                 8296 (   8.10kB)
    Total RW  Size (RW Data + ZI Data)              2168 (   2.12kB)
    Total ROM Size (Code + RO Data + RW Data)       8320 (   8.13kB)

==============================================================================

